error: '^' is not the exponentiation operator
  --> $DIR/confusing_xor_and_pow.rs:7:13
   |
LL |     let _ = 2i32 ^ 9i32;
   |             ^^^^^^^^^^^ help: did you mean to write: `2i32.pow(9)`
   |
   = note: `-D clippy::confusing-xor-and-pow` implied by `-D warnings`

error: '^' is not the exponentiation operator
  --> $DIR/confusing_xor_and_pow.rs:8:13
   |
LL |     let _ = 50i32 ^ 3i32;
   |             ^^^^^^^^^^^^ help: did you mean to write: `50i32.pow(3)`

error: '^' is not the exponentiation operator
  --> $DIR/confusing_xor_and_pow.rs:9:13
   |
LL |     let _ = 5i32 ^ 8i32;
   |             ^^^^^^^^^^^ help: did you mean to write: `5i32.pow(8)`

error: it appears that you are trying to get the maximum value of an integer, but '^' is not exponentiation operator
  --> $DIR/confusing_xor_and_pow.rs:10:13
   |
LL |     let _ = 2i32 ^ 32i32;
   |             ^^^^^^^^^^^^ help: try with: `u32::MAX`

error: aborting due to 4 previous errors

