error: manual implementation of `Option::filter`
  --> $DIR/manual_filter.rs:4:5
   |
LL | /     match Some(0) {
LL | |         None => None,
LL | |         Some(x) => {
LL | |             if x > 0 {
...  |
LL | |         },
LL | |     };
   | |_____^ help: try: `Some(0).filter(|&x| x <= 0)`
   |
   = note: `-D clippy::manual-filter` implied by `-D warnings`

error: manual implementation of `Option::filter`
  --> $DIR/manual_filter.rs:15:5
   |
LL | /     match Some(1) {
LL | |         Some(x) => {
LL | |             if x > 0 {
LL | |                 None
...  |
LL | |         None => None,
LL | |     };
   | |_____^ help: try: `Some(1).filter(|&x| x <= 0)`

error: manual implementation of `Option::filter`
  --> $DIR/manual_filter.rs:26:5
   |
LL | /     match Some(2) {
LL | |         Some(x) => {
LL | |             if x > 0 {
LL | |                 None
...  |
LL | |         _ => None,
LL | |     };
   | |_____^ help: try: `Some(2).filter(|&x| x <= 0)`

error: manual implementation of `Option::filter`
  --> $DIR/manual_filter.rs:37:5
   |
LL | /     match Some(3) {
LL | |         Some(x) => {
LL | |             if x > 0 {
LL | |                 Some(x)
...  |
LL | |         None => None,
LL | |     };
   | |_____^ help: try: `Some(3).filter(|&x| x > 0)`

error: manual implementation of `Option::filter`
  --> $DIR/manual_filter.rs:49:5
   |
LL | /     match y {
LL | |         // Some(4)
LL | |         None => None,
LL | |         Some(x) => {
...  |
LL | |         },
LL | |     };
   | |_____^ help: try: `y.filter(|&x| x <= 0)`

error: manual implementation of `Option::filter`
  --> $DIR/manual_filter.rs:61:5
   |
LL | /     match Some(5) {
LL | |         Some(x) => {
LL | |             if x > 0 {
LL | |                 Some(x)
...  |
LL | |         _ => None,
LL | |     };
   | |_____^ help: try: `Some(5).filter(|&x| x > 0)`

error: manual implementation of `Option::filter`
  --> $DIR/manual_filter.rs:85:5
   |
LL | /     match Some(String::new()) {
LL | |         Some(x) => {
LL | |             if external_cond {
LL | |                 Some(x)
...  |
LL | |         _ => None,
LL | |     };
   | |_____^ help: try: `Some(String::new()).filter(|&x| external_cond)`

error: manual implementation of `Option::filter`
  --> $DIR/manual_filter.rs:96:5
   |
LL | /     if let Some(x) = Some(7) {
LL | |         if external_cond {
LL | |                 Some(x)
LL | |             } else {
...  |
LL | |         None
LL | |     };
   | |_____^ help: try: `Some(7).filter(|&x| external_cond)`

error: aborting due to 8 previous errors

