[clippy_lints/src/manual_assert.rs:63] &comments = ""
error: only a `panic!` in `if`-then statement
  --> $DIR/manual_assert.rs:30:5
   |
LL | /     if !a.is_empty() {
LL | |         panic!("qaqaq{:?}", a);
LL | |     }
   | |_____^ help: try: `assert!(a.is_empty(), "qaqaq{:?}", a);`
   |
   = note: `-D clippy::manual-assert` implied by `-D warnings`

[clippy_lints/src/manual_assert.rs:63] &comments = ""
error: only a `panic!` in `if`-then statement
  --> $DIR/manual_assert.rs:33:5
   |
LL | /     if !a.is_empty() {
LL | |         panic!("qwqwq");
LL | |     }
   | |_____^ help: try: `assert!(a.is_empty(), "qwqwq");`

[clippy_lints/src/manual_assert.rs:63] &comments = ""
error: only a `panic!` in `if`-then statement
  --> $DIR/manual_assert.rs:50:5
   |
LL | /     if b.is_empty() {
LL | |         panic!("panic1");
LL | |     }
   | |_____^ help: try: `assert!(!b.is_empty(), "panic1");`

[clippy_lints/src/manual_assert.rs:63] &comments = ""
error: only a `panic!` in `if`-then statement
  --> $DIR/manual_assert.rs:53:5
   |
LL | /     if b.is_empty() && a.is_empty() {
LL | |         panic!("panic2");
LL | |     }
   | |_____^ help: try: `assert!(!(b.is_empty() && a.is_empty()), "panic2");`

[clippy_lints/src/manual_assert.rs:63] &comments = ""
error: only a `panic!` in `if`-then statement
  --> $DIR/manual_assert.rs:56:5
   |
LL | /     if a.is_empty() && !b.is_empty() {
LL | |         panic!("panic3");
LL | |     }
   | |_____^ help: try: `assert!(!(a.is_empty() && !b.is_empty()), "panic3");`

[clippy_lints/src/manual_assert.rs:63] &comments = ""
error: only a `panic!` in `if`-then statement
  --> $DIR/manual_assert.rs:59:5
   |
LL | /     if b.is_empty() || a.is_empty() {
LL | |         panic!("panic4");
LL | |     }
   | |_____^ help: try: `assert!(!(b.is_empty() || a.is_empty()), "panic4");`

[clippy_lints/src/manual_assert.rs:63] &comments = ""
error: only a `panic!` in `if`-then statement
  --> $DIR/manual_assert.rs:62:5
   |
LL | /     if a.is_empty() || !b.is_empty() {
LL | |         panic!("panic5");
LL | |     }
   | |_____^ help: try: `assert!(!(a.is_empty() || !b.is_empty()), "panic5");`

[clippy_lints/src/manual_assert.rs:63] &comments = ""
error: only a `panic!` in `if`-then statement
  --> $DIR/manual_assert.rs:65:5
   |
LL | /     if a.is_empty() {
LL | |         panic!("with expansion {}", one!())
LL | |     }
   | |_____^ help: try: `assert!(!a.is_empty(), "with expansion {}", one!());`

[clippy_lints/src/manual_assert.rs:63] &comments = "// comment/n/* this is a /n        multiline /n        comment *//n/// Doc comment/n// comment after `panic!`/n"
error: only a `panic!` in `if`-then statement
  --> $DIR/manual_assert.rs:70:5
   |
LL | /     if a.is_empty() { // comment
LL | |         /* this is a 
LL | |         multiline 
LL | |         comment */
LL | |         /// Doc comment
LL | |         panic!("panic with comment") // comment after `panic!`
LL | |     }
   | |_____^ help: try: `assert!(!a.is_empty(), "panic with comment");`

error: aborting due to 9 previous errors

