error: unexpected closing delimiter: `}`
  --> $DIR/manual_assert.rs:78:1
   |
LL | fn main() {
   |           - this opening brace...
...
LL |     }
   |     - ...matches this closing brace
LL |
LL | }
   | ^ unexpected closing delimiter

error: mismatched closing delimiter: `)`
  --> $DIR/manual_assert.rs:70:21
   |
LL |     if a.is_empty() { // comment
   |                     ^ unclosed delimiter
...
LL |         panic!("panic with comment")) // comment after `panic!`
   |                                     ^ mismatched closing delimiter

error: aborting due to 2 previous errors

